[p.w3layouts.com/demos/21-03-2016/cookery/web/index.html]
[backblue.gif]
[fade.gif]
[index.html]
[p.w3layouts.com/demos/21-03-2016/cookery/web/css/bootstrap.css]
[p.w3layouts.com/demos/21-03-2016/cookery/web/js/jquery.min.js]
[p.w3layouts.com/demos/21-03-2016/cookery/web/css/style.css]
[p.w3layouts.com/demos/21-03-2016/cookery/web/js/move-top.js]
[p.w3layouts.com/demos/21-03-2016/cookery/web/js/easing.js]
[p.w3layouts.com/demos/21-03-2016/cookery/web/css/styles.css]
[p.w3layouts.com/demos/21-03-2016/cookery/web/css/component.css]
[p.w3layouts.com/demos/21-03-2016/cookery/web/css/animate.min.css]
[p.w3layouts.com/demos/21-03-2016/cookery/web/js/wow.min.js]
[m.servedby-buysellads.com/monetization.js]
[p.w3layouts.com/assests/css/font-awesome.min.css]
[p.w3layouts.com/demos/21-03-2016/cookery/web/images/oo.png]
[p.w3layouts.com/demos/21-03-2016/cookery/web/menu.html]
[p.w3layouts.com/demos/21-03-2016/cookery/web/blog.html]
[p.w3layouts.com/demos/21-03-2016/cookery/web/typo.html]
[p.w3layouts.com/demos/21-03-2016/cookery/web/events.html]
[p.w3layouts.com/demos/21-03-2016/cookery/web/contact.html]
[p.w3layouts.com/demos/21-03-2016/cookery/web/images/down.png]
[p.w3layouts.com/demos/21-03-2016/cookery/web/images/sa.jpg]
[p.w3layouts.com/demos/21-03-2016/cookery/web/images/sa1.jpg]
[p.w3layouts.com/demos/21-03-2016/cookery/web/images/sa2.jpg]
[p.w3layouts.com/demos/21-03-2016/cookery/web/index.html]
[p.w3layouts.com/demos/21-03-2016/cookery/web/single.html]
[fonts.googleapis.com/cssda86.css]
[fonts.googleapis.com/css912f.css]
[p.w3layouts.com/demos/21-03-2016/cookery/web/images/me.jpg]
[p.w3layouts.com/demos/21-03-2016/cookery/web/images/me1.jpg]
[p.w3layouts.com/demos/21-03-2016/cookery/web/images/me2.jpg]
[p.w3layouts.com/demos/21-03-2016/cookery/web/images/me3.jpg]
[p.w3layouts.com/demos/21-03-2016/cookery/web/images/me4.jpg]
[p.w3layouts.com/demos/21-03-2016/cookery/web/images/me5.jpg]
[p.w3layouts.com/demos/21-03-2016/cookery/web/images/me6.jpg]
[p.w3layouts.com/demos/21-03-2016/cookery/web/images/me7.jpg]
[p.w3layouts.com/demos/21-03-2016/cookery/web/images/me8.jpg]
[p.w3layouts.com/demos/21-03-2016/cookery/web/menu.html]
[p.w3layouts.com/demos/21-03-2016/cookery/web/images/bl.jpg]
[p.w3layouts.com/demos/21-03-2016/cookery/web/images/bl1.jpg]
[p.w3layouts.com/demos/21-03-2016/cookery/web/images/bl2.jpg]
[p.w3layouts.com/demos/21-03-2016/cookery/web/images/bl3.jpg]
[p.w3layouts.com/demos/21-03-2016/cookery/web/images/bl4.jpg]
[p.w3layouts.com/demos/21-03-2016/cookery/web/images/bl5.jpg]
[p.w3layouts.com/demos/21-03-2016/cookery/web/images/bo.jpg]
[p.w3layouts.com/demos/21-03-2016/cookery/web/images/bo1.jpg]
[p.w3layouts.com/demos/21-03-2016/cookery/web/images/bo2.jpg]
[p.w3layouts.com/demos/21-03-2016/cookery/web/blog.html]
[p.w3layouts.com/demos/21-03-2016/cookery/web/typo.html]
[p.w3layouts.com/demos/21-03-2016/cookery/web/images/ev.jpg]
[p.w3layouts.com/demos/21-03-2016/cookery/web/images/ev1.jpg]
[p.w3layouts.com/demos/21-03-2016/cookery/web/images/ev2.jpg]
[p.w3layouts.com/demos/21-03-2016/cookery/web/images/ev3.jpg]
[p.w3layouts.com/demos/21-03-2016/cookery/web/events.html]
[p.w3layouts.com/demos/21-03-2016/cookery/web/contact.html]
[p.w3layouts.com/demos/21-03-2016/cookery/web/images/ss.jpg]
[p.w3layouts.com/demos/21-03-2016/cookery/web/images/si1.jpg]
[p.w3layouts.com/demos/21-03-2016/cookery/web/images/si.jpg]
[p.w3layouts.com/demos/21-03-2016/cookery/web/images/si2.jpg]
[p.w3layouts.com/demos/21-03-2016/cookery/web/single.html]
[p.w3layouts.com/demos/21-03-2016/cookery/web/js/jquery.min.js]
[p.w3layouts.com/demos/21-03-2016/cookery/web/js/move-top.js]
[p.w3layouts.com/demos/21-03-2016/cookery/web/js/easing.js]
[p.w3layouts.com/demos/21-03-2016/cookery/web/js/wow.min.js]
[m.servedby-buysellads.com/monetization.js]
[p.w3layouts.com/demos/21-03-2016/cookery/web/fonts/glyphicons-halflings-regular.eot]
[p.w3layouts.com/demos/21-03-2016/cookery/web/images/me1.jpg]
[p.w3layouts.com/demos/21-03-2016/cookery/web/images/me.jpg]
[p.w3layouts.com/demos/21-03-2016/cookery/web/images/me2.jpg]
[p.w3layouts.com/demos/21-03-2016/cookery/web/fonts/glyphicons-halflings-regulard41d.eot]
[p.w3layouts.com/demos/21-03-2016/cookery/web/images/me3.jpg]
[p.w3layouts.com/demos/21-03-2016/cookery/web/images/me4.jpg]
[p.w3layouts.com/demos/21-03-2016/cookery/web/images/me5.jpg]
[p.w3layouts.com/demos/21-03-2016/cookery/web/fonts/glyphicons-halflings-regular.woff2]
[p.w3layouts.com/demos/21-03-2016/cookery/web/fonts/glyphicons-halflings-regular.woff]
[p.w3layouts.com/demos/21-03-2016/cookery/web/images/me6.jpg]
[p.w3layouts.com/demos/21-03-2016/cookery/web/images/me8.jpg]
[p.w3layouts.com/demos/21-03-2016/cookery/web/images/bl.jpg]
[p.w3layouts.com/demos/21-03-2016/cookery/web/images/bl1.jpg]
[p.w3layouts.com/demos/21-03-2016/cookery/web/images/bl2.jpg]
[p.w3layouts.com/demos/21-03-2016/cookery/web/images/bl5.jpg]
[p.w3layouts.com/demos/21-03-2016/cookery/web/images/bl4.jpg]
[p.w3layouts.com/demos/21-03-2016/cookery/web/fonts/glyphicons-halflings-regular.ttf]
[p.w3layouts.com/demos/21-03-2016/cookery/web/fonts/glyphicons-halflings-regular.svg]
[p.w3layouts.com/demos/21-03-2016/cookery/web/css/bootstrap.css]
[p.w3layouts.com/demos/21-03-2016/cookery/web/images/ev.jpg]
[p.w3layouts.com/demos/21-03-2016/cookery/web/images/ev1.jpg]
[p.w3layouts.com/demos/21-03-2016/cookery/web/images/ev2.jpg]
[p.w3layouts.com/demos/21-03-2016/cookery/web/images/ev3.jpg]
[p.w3layouts.com/demos/21-03-2016/cookery/web/images/ss.jpg]
[p.w3layouts.com/demos/21-03-2016/cookery/web/images/2.39.delayed]
[p.w3layouts.com/demos/21-03-2016/cookery/web/fonts/glyphicons-halflings-regular.eot]
[p.w3layouts.com/demos/21-03-2016/cookery/web/fonts/glyphicons-halflings-regulard41d.eot]
[p.w3layouts.com/demos/21-03-2016/cookery/web/fonts/glyphicons-halflings-regular.woff2]
[p.w3layouts.com/demos/21-03-2016/cookery/web/images/aa.jpg]
[p.w3layouts.com/demos/21-03-2016/cookery/web/images/2.jpg]
[p.w3layouts.com/demos/21-03-2016/cookery/web/images/aa.jpg]
[p.w3layouts.com/demos/21-03-2016/cookery/web/fonts/glyphicons-halflings-regular.ttf]
[p.w3layouts.com/demos/21-03-2016/cookery/web/images/aa1.jpg]
[p.w3layouts.com/demos/21-03-2016/cookery/web/images/aa2.jpg]
[p.w3layouts.com/demos/21-03-2016/cookery/web/images/ne.jpg]
[p.w3layouts.com/demos/21-03-2016/cookery/web/images/ne.jpg]
[p.w3layouts.com/demos/21-03-2016/cookery/web/images/ne1.jpg]
[p.w3layouts.com/demos/21-03-2016/cookery/web/images/ne2.jpg]
[p.w3layouts.com/demos/21-03-2016/cookery/web/images/ne3.jpg]
[p.w3layouts.com/demos/21-03-2016/cookery/web/images/img-sprite.png]
[p.w3layouts.com/demos/21-03-2016/cookery/web/images/ne3.jpg]
[p.w3layouts.com/demos/21-03-2016/cookery/web/images/ne2.jpg]
[p.w3layouts.com/demos/21-03-2016/cookery/web/images/qu3.png]
[p.w3layouts.com/demos/21-03-2016/cookery/web/images/search.png]
[p.w3layouts.com/demos/21-03-2016/cookery/web/css/style.css]
[p.w3layouts.com/demos/21-03-2016/cookery/web/css/styles.css]
[p.w3layouts.com/demos/21-03-2016/cookery/web/css/component.css]
[p.w3layouts.com/demos/21-03-2016/cookery/web/css/animate.min.css]
[p.w3layouts.com/assests/css/font-awesome.min.css]
[p.w3layouts.com/demos/21-03-2016/cookery/web/fonts/glyphicons-halflings-regular.svg]
[p.w3layouts.com/assests/fonts/fontawesome-webfont3e6e.svg]
[p.w3layouts.com/assests/fonts/fontawesome-webfont3e6e.svg]
